Microchip MPLAB XC8 Compiler V1.35 ()

Linker command line:

--edf=C:\Program Files (x86)\Microchip\xc8\v1.35\dat\en_msgs.txt -cs \
  -h+dist/default/production\thermo_PIC16F877A.X.production.sym \
  --cmf=dist/default/production\thermo_PIC16F877A.X.production.cmf -z \
  -Q16F877A -oC:\Users\Tetsuya\AppData\Local\Temp\s7ak.2 \
  -Mdist/default/production/thermo_PIC16F877A.X.production.map -E1 -ver=XC8 \
  -ASTACK=0110h-016fh -pstack=STACK -ACODE=00h-07FFhx4 -ASTRCODE=00h-01FFFh \
  -ASTRING=00h-0FFhx32 -ACONST=00h-0FFhx32 -AENTRY=00h-0FFhx32 \
  -ACOMMON=070h-07Fh -ABANK0=020h-06Fh -ABANK1=0A0h-0EFh \
  -ABANK2=0110h-016Fh -ABANK3=0190h-01EFh \
  -ARAM=020h-06Fh,0A0h-0EFh,0110h-016Fh,0190h-01EFh \
  -AABS1=020h-07Fh,0A0h-0EFh,0110h-016Fh,0190h-01EFh -ASFR0=00h-01Fh \
  -ASFR1=080h-09Fh -ASFR2=0100h-010Fh -ASFR3=0180h-018Fh \
  -preset_vec=00h,intentry,init,end_init -ppowerup=CODE -pcinit=CODE \
  -pfunctab=CODE -ACONFIG=02007h-02007h -pconfig=CONFIG -DCONFIG=2 \
  -AIDLOC=02000h-02003h -pidloc=IDLOC -DIDLOC=2 -AEEDATA=00h-0FFh/02100h \
  -peeprom_data=EEDATA -DEEDATA=2 -DCODE=2 -DSTRCODE=2 -DSTRING=2 -DCONST=2 \
  -DENTRY=2 -k C:\Users\Tetsuya\AppData\Local\Temp\s7ak.obj \
  dist/default/production\thermo_PIC16F877A.X.production.obj 

Object code version is 3.11

Machine type is 16F877A



                Name                               Link     Load   Length Selector   Space Scale
C:\Users\Tetsuya\AppData\Local\Temp\s7ak.obj
                end_init                              0        0        3        0       0
                config                             2007     2007        1     400E       0
dist/default/production\thermo_PIC16F877A.X.production.obj
                cinit                               7FC      7FC        4      FF8       0
                text30                             114A     114A        B     2294       0
                text29                             13B5     13B5       6C     276A       0
                text28                              853      853      109     10A6       0
                text27                             1140     1140        A     2280       0
                text26                             1196     1196       21     232C       0
                text25                             15B9     15B9       B8     2B72       0
                text24                             172D     172D       D3     2E5A       0
                text23                             1182     1182       14     2304       0
                text22                             1421     1421       82     2842       0
                text21                             14A3     14A3       88     2946       0
                text20                              D29      D29      2D7     1A52       0
                text19                             1671     1671       BC     2CE2       0
                text18                             12FA     12FA       5D     25F4       0
                text17                             11B7     11B7       21     236E       0
                text16                             152B     152B       8E     2A56       0
                text15                             1357     1357       5E     26AE       0
                text14                              807      807       4C     100E       0
                text13                             11F9     11F9       2B     23F2       0
                text12                             11D8     11D8       21     23B0       0
                text11                              95C      95C      132     12B8       0
                text10                                7        7       C3        E       0
                text9                              129F     129F       5B     253E       0
                text8                              1254     1254       4B     24A8       0
                text7                              116F     116F       13     22DE       0
                text6                                CA       CA      19A      194       0
                text5                              1161     1161        E     22C2       0
                text4                              1138     1138        8     2270       0
                text3                               A8E      A8E      29B     151C       0
                text2                               264      264      598      4C8       0
                text1                              1155     1155        C     22AA       0
                maintext                           1224     1224       30     2448       0
                cstackBANK0                          20       20       4D       20       1
                cstackCOMMON                         70       70        E       70       1
                cstackBANK1                          A0       A0       49       A0       1
                strings                            1000     1000       9C     2000       0

TOTAL           Name                               Link     Load   Length     Space
        CLASS   STACK          

        CLASS   CODE           
                end_init                              0        0        3         0
                cinit                               7FC      7FC        4         0
                text30                             114A     114A        B         0
                text29                             13B5     13B5       6C         0
                text28                              853      853      109         0
                text27                             1140     1140        A         0
                text26                             1196     1196       21         0
                text25                             15B9     15B9       B8         0
                text24                             172D     172D       D3         0
                text23                             1182     1182       14         0
                text22                             1421     1421       82         0
                text21                             14A3     14A3       88         0
                text20                              D29      D29      2D7         0
                text19                             1671     1671       BC         0
                text18                             12FA     12FA       5D         0
                text17                             11B7     11B7       21         0
                text16                             152B     152B       8E         0
                text15                             1357     1357       5E         0
                text14                              807      807       4C         0
                text13                             11F9     11F9       2B         0
                text12                             11D8     11D8       21         0
                text11                              95C      95C      132         0
                text10                                7        7       C3         0
                text9                              129F     129F       5B         0
                text8                              1254     1254       4B         0
                text7                              116F     116F       13         0
                text6                                CA       CA      19A         0
                text5                              1161     1161        E         0
                text4                              1138     1138        8         0
                text3                               A8E      A8E      29B         0
                text2                               264      264      598         0
                text1                              1155     1155        C         0
                maintext                           1224     1224       30         0

        CLASS   STRCODE        

        CLASS   STRING         
                strings                            1000     1000       9C         0

        CLASS   CONST          

        CLASS   ENTRY          

        CLASS   COMMON         
                cstackCOMMON                         70       70        E         1

        CLASS   BANK0          
                cstackBANK0                          20       20       4D         1

        CLASS   BANK1          
                cstackBANK1                          A0       A0       49         1

        CLASS   BANK2          

        CLASS   BANK3          

        CLASS   RAM            

        CLASS   ABS1           
                abs_s1                               7E       7E        2         1

        CLASS   SFR0           

        CLASS   SFR1           

        CLASS   SFR2           

        CLASS   SFR3           

        CLASS   CONFIG         
                config                             2007     2007        1         0

        CLASS   IDLOC          

        CLASS   EEDATA         



SEGMENTS        Name                           Load    Length   Top    Selector   Space  Class     Delta

                reset_vec                      000000  000003  000003         0       0  CODE        2
                text10                         000007  0000C3  0000CA         E       0  CODE        2
                cstackBANK0                    000020  00004D  00006D        20       1  BANK0       1
                cstackCOMMON                   000070  00000E  00007E        70       1  COMMON      1
                cstackBANK1                    0000A0  000049  0000E9        A0       1  BANK1       1
                text6                          0000CA  00019A  000264       194       0  CODE        2
                text2                          000264  000598  0007FC       4C8       0  CODE        2
                cinit                          0007FC  000004  000800       FF8       0  CODE        2
                text14                         000807  00004C  000853      100E       0  CODE        2
                text28                         000853  000109  00095C      10A6       0  CODE        2
                text11                         00095C  000132  000A8E      12B8       0  CODE        2
                text3                          000A8E  00029B  000D29      151C       0  CODE        2
                text20                         000D29  0002D7  001000      1A52       0  CODE        2
                strings                        001000  00009C  00109C      2000       0  STRING      2
                text4                          001138  000008  001140      2270       0  CODE        2
                text27                         001140  00000A  00114A      2280       0  CODE        2
                text30                         00114A  00000B  001155      2294       0  CODE        2
                text1                          001155  00000C  001161      22AA       0  CODE        2
                text5                          001161  00000E  00116F      22C2       0  CODE        2
                text7                          00116F  000013  001182      22DE       0  CODE        2
                text23                         001182  000014  001196      2304       0  CODE        2
                text26                         001196  000021  0011B7      232C       0  CODE        2
                text17                         0011B7  000021  0011D8      236E       0  CODE        2
                text12                         0011D8  000021  0011F9      23B0       0  CODE        2
                text13                         0011F9  00002B  001224      23F2       0  CODE        2
                maintext                       001224  000030  001254      2448       0  CODE        2
                text8                          001254  00004B  00129F      24A8       0  CODE        2
                text9                          00129F  00005B  0012FA      253E       0  CODE        2
                text18                         0012FA  00005D  001357      25F4       0  CODE        2
                text15                         001357  00005E  0013B5      26AE       0  CODE        2
                text29                         0013B5  00006C  001421      276A       0  CODE        2
                text22                         001421  000082  0014A3      2842       0  CODE        2
                text21                         0014A3  000088  00152B      2946       0  CODE        2
                text16                         00152B  00008E  0015B9      2A56       0  CODE        2
                text25                         0015B9  0000B8  001671      2B72       0  CODE        2
                text19                         001671  0000BC  00172D      2CE2       0  CODE        2
                text24                         00172D  0000D3  001800      2E5A       0  CODE        2
                config                         002007  000001  002008      400E       0  CONFIG      2


UNUSED ADDRESS RANGES

        Name                Unused          Largest block    Delta
        BANK0            006D-006F              3           1
        BANK1            00E9-00EF              7           1
        BANK2            0110-016F             60           1
        BANK3            0190-01EF             60           1
        CODE             0003-0006              4           2
                         0800-0806              7
                         109C-1137             9C
                         1800-1FFF            800
        CONST            0003-0006              4           2
                         0800-0806              7
                         109C-1137             64
                         1800-1FFF            100
        EEDATA           2100-21FF            100           2
        ENTRY            0003-0006              4           2
                         0800-0806              7
                         109C-1137             64
                         1800-1FFF            100
        IDLOC            2000-2003              4           2
        RAM              006D-006F              3           1
                         00E9-00EF              7
                         0110-016F             60
                         0190-01EF             60
        SFR0             0000-001F             20           1
        SFR1             0080-009F             20           1
        SFR2             0100-010F             10           1
        SFR3             0180-018F             10           1
        STACK            0110-016F             60           1
        STRCODE          0003-0006              4           2
                         0800-0806              7
                         109C-1137             9C
                         1800-1FFF            800
        STRING           0003-0006              4           2
                         0800-0806              7
                         109C-1137             64
                         1800-1FFF            100

                                  Symbol Table

?___awdiv                cstackCOMMON 0077
?___awmod                cstackCOMMON 0070
?___awtoft               cstackCOMMON 0078
?___ftadd                cstackBANK0  0057
?___ftdiv                cstackBANK0  0020
?___ftmul                cstackBANK0  0030
?___ftneg                cstackBANK0  0054
?___ftpack               cstackCOMMON 0070
?___ftsub                cstackBANK0  0064
?___fttol                cstackBANK0  0049
?___lldiv                cstackCOMMON 0070
?___llmod                cstackCOMMON 0070
?___lltoft               cstackCOMMON 0078
?___lwtoft               cstackCOMMON 0078
?___wmul                 cstackCOMMON 0070
?__div_to_l_             cstackCOMMON 0070
?__tdiv_to_l_            cstackCOMMON 0070
?_bit_shift              cstackCOMMON 0070
?_fround                 cstackBANK0  0040
?_get_adcon              cstackBANK0  0040
?_get_pt                 cstackBANK0  0064
?_get_temp               cstackBANK0  0067
?_printf                 cstackBANK0  006A
?_scale                  cstackBANK0  0040
_ADCON0                  (abs)        001F
_ADCON0bits              (abs)        001F
_ADCON1                  (abs)        009F
_ADRESH                  (abs)        001E
_ADRESL                  (abs)        009E
_PORTAbits               (abs)        0005
_PORTDbits               (abs)        0008
_RCIF                    (abs)        0065
_RCREG                   (abs)        001A
_RCSTA                   (abs)        0018
_RD4                     (abs)        0044
_SPBRG                   (abs)        0099
_TRISAbits               (abs)        0085
_TRISC7                  (abs)        043F
_TRISDbits               (abs)        0088
_TXIF                    (abs)        0064
_TXREG                   (abs)        0019
_TXSTA                   (abs)        0098
__CFG_BOREN$ON           (abs)        0000
__CFG_CP$OFF             (abs)        0000
__CFG_CPD$OFF            (abs)        0000
__CFG_FOSC$HS            (abs)        0000
__CFG_LVP$OFF            (abs)        0000
__CFG_PWRTE$ON           (abs)        0000
__CFG_WDTE$OFF           (abs)        0000
__CFG_WRT$OFF            (abs)        0000
__Habs1                  abs1         0000
__Hbank0                 bank0        0000
__Hbank1                 bank1        0000
__Hbank2                 bank2        0000
__Hbank3                 bank3        0000
__Hcinit                 cinit        0800
__Hclrtext               clrtext      0000
__Hcode                  code         0000
__Hcommon                common       0000
__Hconfig                config       2008
__HcstackBANK0           cstackBANK0  0000
__HcstackBANK1           cstackBANK1  0000
__HcstackCOMMON          cstackCOMMON 0000
__Heeprom_data           eeprom_data  0000
__Hend_init              end_init     0003
__Hfunctab               functab      0000
__Hidloc                 idloc        0000
__Hinit                  init         0000
__Hintentry              intentry     0000
__Hmaintext              maintext     0000
__Hpowerup               powerup      0000
__Hram                   ram          0000
__Hreset_vec             reset_vec    0000
__Hsfr0                  sfr0         0000
__Hsfr1                  sfr1         0000
__Hsfr2                  sfr2         0000
__Hsfr3                  sfr3         0000
__Hspace_0               (abs)        2008
__Hspace_1               (abs)        00E9
__Hspace_2               (abs)        0000
__Hspace_3               (abs)        0000
__Hstack                 stack        0000
__Hstrings               strings      0000
__Htext                  text         0000
__Labs1                  abs1         0000
__Lbank0                 bank0        0000
__Lbank1                 bank1        0000
__Lbank2                 bank2        0000
__Lbank3                 bank3        0000
__Lcinit                 cinit        07FC
__Lclrtext               clrtext      0000
__Lcode                  code         0000
__Lcommon                common       0000
__Lconfig                config       2007
__LcstackBANK0           cstackBANK0  0000
__LcstackBANK1           cstackBANK1  0000
__LcstackCOMMON          cstackCOMMON 0000
__Leeprom_data           eeprom_data  0000
__Lend_init              end_init     0000
__Lfunctab               functab      0000
__Lidloc                 idloc        0000
__Linit                  init         0000
__Lintentry              intentry     0000
__Lmaintext              maintext     0000
__Lpowerup               powerup      0000
__Lram                   ram          0000
__Lreset_vec             reset_vec    0000
__Lsfr0                  sfr0         0000
__Lsfr1                  sfr1         0000
__Lsfr2                  sfr2         0000
__Lsfr3                  sfr3         0000
__Lspace_0               (abs)        0000
__Lspace_1               (abs)        0000
__Lspace_2               (abs)        0000
__Lspace_3               (abs)        0000
__Lstack                 stack        0000
__Lstrings               strings      0000
__Ltext                  text         0000
__S0                     (abs)        2008
__S1                     (abs)        00E9
__S2                     (abs)        0000
__S3                     (abs)        0000
___awdiv                 text9        129F
___awdiv@counter         cstackBANK0  0020
___awdiv@dividend        cstackCOMMON 0079
___awdiv@divisor         cstackCOMMON 0077
___awdiv@quotient        cstackBANK0  0022
___awdiv@sign            cstackBANK0  0021
___awmod                 text8        1254
___awmod@counter         cstackCOMMON 0075
___awmod@dividend        cstackCOMMON 0072
___awmod@divisor         cstackCOMMON 0070
___awmod@sign            cstackCOMMON 0076
___awtoft                text26       1196
___awtoft@c              cstackCOMMON 0078
___awtoft@sign           cstackCOMMON 007D
___bmul                  text7        116F
___bmul@multiplicand     cstackBANK0  0024
___bmul@multiplier       cstackBANK0  0026
___bmul@product          cstackBANK0  0025
___ftadd                 text28       0853
___ftadd@exp1            cstackBANK0  0063
___ftadd@exp2            cstackBANK0  0062
___ftadd@f1              cstackBANK0  0057
___ftadd@f2              cstackBANK0  005A
___ftadd@sign            cstackBANK0  0061
___ftdiv                 text25       15B9
___ftdiv@cntr            cstackBANK0  002A
___ftdiv@exp             cstackBANK0  002E
___ftdiv@f1              cstackBANK0  0023
___ftdiv@f2              cstackBANK0  0020
___ftdiv@f3              cstackBANK0  002B
___ftdiv@sign            cstackBANK0  002F
___ftge                  text18       12FA
___ftge@ff1              cstackCOMMON 0070
___ftge@ff2              cstackCOMMON 0073
___ftmul                 text24       172D
___ftmul@cntr            cstackBANK0  003E
___ftmul@exp             cstackBANK0  003A
___ftmul@f1              cstackBANK0  0030
___ftmul@f2              cstackBANK0  0033
___ftmul@f3_as_product   cstackBANK0  003B
___ftmul@sign            cstackBANK0  003F
___ftneg                 text27       1140
___ftneg@f1              cstackBANK0  0054
___ftpack                text29       13B5
___ftpack@arg            cstackCOMMON 0070
___ftpack@exp            cstackCOMMON 0073
___ftpack@sign           cstackCOMMON 0074
___ftsub                 text17       11B7
___ftsub@f1              cstackBANK0  0067
___ftsub@f2              cstackBANK0  0064
___fttol                 text16       152B
___fttol@exp1            cstackBANK0  0056
___fttol@f1              cstackBANK0  0049
___fttol@lval            cstackBANK0  0052
___fttol@sign1           cstackBANK0  0051
___int_sp                stack        0000
___latbits               (abs)        0002
___lldiv                 text15       1357
___lldiv@counter         cstackCOMMON 007D
___lldiv@dividend        cstackCOMMON 0074
___lldiv@divisor         cstackCOMMON 0070
___lldiv@quotient        cstackCOMMON 0079
___llmod                 text14       0807
___llmod@counter         cstackCOMMON 0079
___llmod@dividend        cstackCOMMON 0074
___llmod@divisor         cstackCOMMON 0070
___lltoft                text13       11F9
___lltoft@c              cstackCOMMON 0078
___lltoft@exp            cstackCOMMON 007D
___lwtoft                text23       1182
___lwtoft@c              cstackCOMMON 0078
___sp                    stack        0000
___wmul                  text12       11D8
___wmul@multiplicand     cstackCOMMON 0072
___wmul@multiplier       cstackCOMMON 0070
___wmul@product          cstackCOMMON 0074
__div_to_l_              text11       095C
__div_to_l_@cntr         cstackBANK0  0024
__div_to_l_@exp1         cstackBANK0  0025
__div_to_l_@f1           cstackCOMMON 0070
__div_to_l_@f2           cstackCOMMON 0073
__div_to_l_@quot         cstackBANK0  0020
__end_of___awdiv         text9        12FA
__end_of___awmod         text8        129F
__end_of___awtoft        text26       11B7
__end_of___bmul          text7        1182
__end_of___ftadd         text28       095C
__end_of___ftdiv         text25       1671
__end_of___ftge          text18       1357
__end_of___ftmul         text24       1800
__end_of___ftneg         text27       114A
__end_of___ftpack        text29       1421
__end_of___ftsub         text17       11D8
__end_of___fttol         text16       15B9
__end_of___lldiv         text15       13B5
__end_of___llmod         text14       0853
__end_of___lltoft        text13       1224
__end_of___lwtoft        text23       1196
__end_of___wmul          text12       11F9
__end_of__div_to_l_      text11       0A8E
__end_of__initialization cinit        07FC
__end_of__npowers_       strings      1055
__end_of__powers_        strings      107C
__end_of__stringtab      strings      1006
__end_of__tdiv_to_l_     text10       00CA
__end_of_ad_con_init     text30       1155
__end_of_bit_shift       text22       14A3
__end_of_dpowers         strings      102E
__end_of_fround          text6        0264
__end_of_get_adcon       text21       152B
__end_of_get_pt          text20       1000
__end_of_get_temp        text19       172D
__end_of_isdigit         text5        116F
__end_of_main            maintext     1254
__end_of_printf          text2        07FC
__end_of_putch           text4        1140
__end_of_scale           text3        0D29
__end_of_uart_init       text1        1161
__end_ofget_adcon@range  strings      107E
__initialization         cinit        07FC
__npowers_               strings      102E
__pcstackBANK0           cstackBANK0  0020
__pcstackBANK1           cstackBANK1  00A0
__pcstackCOMMON          cstackCOMMON 0070
__pmaintext              maintext     1224
__powers_                strings      1055
__pstrings               strings      1000
__ptext1                 text1        1155
__ptext10                text10       0007
__ptext11                text11       095C
__ptext12                text12       11D8
__ptext13                text13       11F9
__ptext14                text14       0807
__ptext15                text15       1357
__ptext16                text16       152B
__ptext17                text17       11B7
__ptext18                text18       12FA
__ptext19                text19       1671
__ptext2                 text2        0264
__ptext20                text20       0D29
__ptext21                text21       14A3
__ptext22                text22       1421
__ptext23                text23       1182
__ptext24                text24       172D
__ptext25                text25       15B9
__ptext26                text26       1196
__ptext27                text27       1140
__ptext28                text28       0853
__ptext29                text29       13B5
__ptext3                 text3        0A8E
__ptext30                text30       114A
__ptext4                 text4        1138
__ptext5                 text5        1161
__ptext6                 text6        00CA
__ptext7                 text7        116F
__ptext8                 text8        1254
__ptext9                 text9        129F
__size_of___awdiv        (abs)        0000
__size_of___awmod        (abs)        0000
__size_of___awtoft       (abs)        0000
__size_of___bmul         (abs)        0000
__size_of___ftadd        (abs)        0000
__size_of___ftdiv        (abs)        0000
__size_of___ftge         (abs)        0000
__size_of___ftmul        (abs)        0000
__size_of___ftneg        (abs)        0000
__size_of___ftpack       (abs)        0000
__size_of___ftsub        (abs)        0000
__size_of___fttol        (abs)        0000
__size_of___lldiv        (abs)        0000
__size_of___llmod        (abs)        0000
__size_of___lltoft       (abs)        0000
__size_of___lwtoft       (abs)        0000
__size_of___wmul         (abs)        0000
__size_of__div_to_l_     (abs)        0000
__size_of__tdiv_to_l_    (abs)        0000
__size_of_ad_con_init    (abs)        0000
__size_of_bit_shift      (abs)        0000
__size_of_fround         (abs)        0000
__size_of_get_adcon      (abs)        0000
__size_of_get_pt         (abs)        0000
__size_of_get_temp       (abs)        0000
__size_of_isdigit        (abs)        0000
__size_of_main           (abs)        0000
__size_of_printf         (abs)        0000
__size_of_putch          (abs)        0000
__size_of_scale          (abs)        0000
__size_of_uart_init      (abs)        0000
__stringbase             strings      1005
__stringtab              strings      1000
__tdiv_to_l_             text10       0007
__tdiv_to_l_@cntr        cstackBANK0  0024
__tdiv_to_l_@exp1        cstackBANK0  0025
__tdiv_to_l_@f1          cstackCOMMON 0070
__tdiv_to_l_@f2          cstackCOMMON 0073
__tdiv_to_l_@quot        cstackBANK0  0020
_ad_con_init             text30       114A
_bit_shift               text22       1421
_dpowers                 strings      1006
_fround                  text6        00CA
_fround$717              cstackBANK0  004C
_fround$718              cstackBANK0  0049
_get_adcon               text21       14A3
_get_pt                  text20       0D29
_get_pt$711              cstackBANK1  00A9
_get_pt$712              cstackBANK1  00AC
_get_pt$713              cstackBANK1  00B8
_get_pt$714              cstackBANK1  00AF
_get_pt$715              cstackBANK1  00B2
_get_temp                text19       1671
_get_temp$716            cstackBANK1  00C1
_isdigit                 text5        1161
_isdigit$494             cstackCOMMON 0070
_main                    maintext     1224
_printf                  text2        0264
_printf$720              cstackBANK1  00D2
_putch                   text4        1138
_scale                   text3        0A8E
_scale$719               cstackBANK0  0045
_uart_init               text1        1155
bit_shift@ad_value       cstackCOMMON 0075
bit_shift@bit_mask       cstackCOMMON 0079
bit_shift@buf            cstackCOMMON 007C
bit_shift@i              cstackCOMMON 0077
bit_shift@j              cstackCOMMON 007A
bit_shift@my_adres_h     cstackCOMMON 0074
bit_shift@my_adres_l     cstackCOMMON 0070
btemp                    (abs)        007E
end_of_initialization    cinit        07FC
fround@prec              cstackBANK0  004F
get_adcon@ad_value       cstackBANK0  0052
get_adcon@my_adres_h     cstackBANK0  0047
get_adcon@my_adres_l     cstackBANK0  004B
get_adcon@range          strings      107C
get_adcon@voltage_value  cstackBANK0  004F
get_pt@R1                cstackBANK1  00B5
get_pt@R2                cstackBANK1  00A0
get_pt@T1                cstackBANK1  00BB
get_pt@T2                cstackBANK1  00A3
get_pt@a                 cstackBANK1  00BE
get_pt@b                 cstackBANK1  00A6
get_temp@T               cstackBANK1  00C4
get_temp@i               cstackBANK1  00CA
get_temp@t               cstackBANK1  00C7
intlevel0                functab      0000
intlevel1                functab      0000
intlevel2                functab      0000
intlevel3                functab      0000
intlevel4                functab      0000
intlevel5                functab      0000
isdigit@c                cstackCOMMON 0071
ltemp                    (abs)        007E
ltemp0                   (abs)        007E
ltemp1                   (abs)        0082
ltemp2                   (abs)        0086
ltemp3                   (abs)        0080
printf@ap                cstackBANK1  00D5
printf@c                 cstackBANK1  00E8
printf@exp               cstackBANK1  00DD
printf@f                 cstackBANK1  00D8
printf@flag              cstackBANK1  00D6
printf@fval              cstackBANK1  00E5
printf@prec              cstackBANK1  00E3
printf@tmpval            cstackBANK1  00DF
printf@val               cstackBANK1  00D9
putch@byte               cstackCOMMON 0070
reset_vec                reset_vec    0000
scale@scl                cstackBANK0  0048
stackhi                  (abs)        0000
stacklo                  (abs)        0000
start                    init         0000
start_initialization     cinit        07FC
ttemp                    (abs)        007E
ttemp0                   (abs)        007E
ttemp1                   (abs)        0081
ttemp2                   (abs)        0084
ttemp3                   (abs)        0087
ttemp4                   (abs)        007F
wtemp                    (abs)        007E
wtemp0                   (abs)        007E
wtemp1                   (abs)        0080
wtemp2                   (abs)        0082
wtemp3                   (abs)        0084
wtemp4                   (abs)        0086
wtemp5                   (abs)        0088
wtemp6                   (abs)        007F


FUNCTION INFORMATION:

 *************** function _main *****************
 Defined at:
		line 30 in file "newmain.c"
 Parameters:    Size  Location     Type
		None
 Auto vars:     Size  Location     Type
		None
 Return value:  Size  Location     Type
                  2   16[None  ] int 
 Registers used:
		wreg, fsr0l, fsr0h, status,2, status,0, btemp+1, pclath, cstack
 Tracked objects:
		On entry : 
		On exit  : 
		Unchanged: 
 Data sizes:     COMMON   BANK0   BANK1   BANK3   BANK2
      Params:         0       0       0       0       0
      Locals:         0       0       0       0       0
      Temps:          0       0       0       0       0
      Totals:         0       0       0       0       0
Total ram usage:        0 bytes
 Hardware stack levels required when called:    5
 This function calls:
		_ad_con_init
		_get_temp
		_printf
		_uart_init
 This function is called by:
		Startup code after reset
 This function uses a non-reentrant model


 *************** function _uart_init *****************
 Defined at:
		line 29 in file "uart_serial.c"
 Parameters:    Size  Location     Type
		None
 Auto vars:     Size  Location     Type
		None
 Return value:  Size  Location     Type
		None               void
 Registers used:
		wreg
 Tracked objects:
		On entry : 
		On exit  : 
		Unchanged: 
 Data sizes:     COMMON   BANK0   BANK1   BANK3   BANK2
      Params:         0       0       0       0       0
      Locals:         0       0       0       0       0
      Temps:          0       0       0       0       0
      Totals:         0       0       0       0       0
Total ram usage:        0 bytes
 Hardware stack levels used:    1
 This function calls:
		Nothing
 This function is called by:
		_main
 This function uses a non-reentrant model


 *************** function _printf *****************
 Defined at:
		line 464 in file "C:\Program Files (x86)\Microchip\xc8\v1.35\sources\common\doprnt.c"
 Parameters:    Size  Location     Type
  f               1    wreg     PTR const unsigned char 
		 -> STR_2(16), STR_1(14), 
 Auto vars:     Size  Location     Type
  f               1   56[BANK1 ] PTR const unsigned char 
		 -> STR_2(16), STR_1(14), 
  tmpval          4   63[BANK1 ] struct .
  val             4   57[BANK1 ] unsigned long 
  fval            3   69[BANK1 ] unsigned long 
  prec            2   67[BANK1 ] int 
  exp             2   61[BANK1 ] int 
  flag            2   54[BANK1 ] unsigned short 
  cp              2    0        PTR const unsigned char 
  len             2    0        unsigned int 
  width           2    0        int 
  c               1   72[BANK1 ] char 
  ap              1   53[BANK1 ] PTR void [1]
		 -> ?_printf(2), 
  d               1    0        unsigned char 
 Return value:  Size  Location     Type
                  2   74[BANK0 ] int 
 Registers used:
		wreg, fsr0l, fsr0h, status,2, status,0, btemp+1, pclath, cstack
 Tracked objects:
		On entry : 
		On exit  : 
		Unchanged: 
 Data sizes:     COMMON   BANK0   BANK1   BANK3   BANK2
      Params:         0       3       0       0       0
      Locals:         0       0      23       0       0
      Temps:          0       0       6       0       0
      Totals:         0       3      29       0       0
Total ram usage:       32 bytes
 Hardware stack levels used:    1
 Hardware stack levels required when called:    3
 This function calls:
		___awdiv
		___ftadd
		___ftge
		___ftmul
		___ftneg
		___ftsub
		___fttol
		___lldiv
		___llmod
		___lltoft
		___wmul
		__div_to_l_
		__tdiv_to_l_
		_fround
		_isdigit
		_putch
		_scale
 This function is called by:
		_main
 This function uses a non-reentrant model


 *************** function _scale *****************
 Defined at:
		line 425 in file "C:\Program Files (x86)\Microchip\xc8\v1.35\sources\common\doprnt.c"
 Parameters:    Size  Location     Type
  scl             1    wreg     char 
 Auto vars:     Size  Location     Type
  scl             1   40[BANK0 ] char 
 Return value:  Size  Location     Type
                  3   32[BANK0 ] char 
 Registers used:
		wreg, fsr0l, fsr0h, status,2, status,0, pclath, cstack
 Tracked objects:
		On entry : 
		On exit  : 
		Unchanged: 
 Data sizes:     COMMON   BANK0   BANK1   BANK3   BANK2
      Params:         0       3       0       0       0
      Locals:         0       4       0       0       0
      Temps:          0       2       0       0       0
      Totals:         0       9       0       0       0
Total ram usage:        9 bytes
 Hardware stack levels used:    1
 Hardware stack levels required when called:    2
 This function calls:
		___awdiv
		___awmod
		___bmul
		___ftmul
 This function is called by:
		_printf
 This function uses a non-reentrant model


 *************** function _putch *****************
 Defined at:
		line 37 in file "uart_serial.c"
 Parameters:    Size  Location     Type
  byte            1    wreg     unsigned char 
 Auto vars:     Size  Location     Type
  byte            1    0[COMMON] unsigned char 
 Return value:  Size  Location     Type
		None               void
 Registers used:
		wreg
 Tracked objects:
		On entry : 
		On exit  : 
		Unchanged: 
 Data sizes:     COMMON   BANK0   BANK1   BANK3   BANK2
      Params:         0       0       0       0       0
      Locals:         1       0       0       0       0
      Temps:          0       0       0       0       0
      Totals:         1       0       0       0       0
Total ram usage:        1 bytes
 Hardware stack levels used:    1
 This function calls:
		Nothing
 This function is called by:
		_printf
		_getche
 This function uses a non-reentrant model


 *************** function _isdigit *****************
 Defined at:
		line 8 in file "C:\Program Files (x86)\Microchip\xc8\v1.35\sources\common\isdigit.c"
 Parameters:    Size  Location     Type
  c               1    wreg     unsigned char 
 Auto vars:     Size  Location     Type
  c               1    1[COMMON] unsigned char 
 Return value:  Size  Location     Type
		None               void
 Registers used:
		wreg, status,2, status,0
 Tracked objects:
		On entry : 
		On exit  : 
		Unchanged: 
 Data sizes:     COMMON   BANK0   BANK1   BANK3   BANK2
      Params:         0       0       0       0       0
      Locals:         2       0       0       0       0
      Temps:          0       0       0       0       0
      Totals:         2       0       0       0       0
Total ram usage:        2 bytes
 Hardware stack levels used:    1
 This function calls:
		Nothing
 This function is called by:
		_printf
 This function uses a non-reentrant model


 *************** function _fround *****************
 Defined at:
		line 409 in file "C:\Program Files (x86)\Microchip\xc8\v1.35\sources\common\doprnt.c"
 Parameters:    Size  Location     Type
  prec            1    wreg     unsigned char 
 Auto vars:     Size  Location     Type
  prec            1   47[BANK0 ] unsigned char 
 Return value:  Size  Location     Type
                  3   32[BANK0 ] unsigned char 
 Registers used:
		wreg, fsr0l, fsr0h, status,2, status,0, pclath, cstack
 Tracked objects:
		On entry : 
		On exit  : 
		Unchanged: 
 Data sizes:     COMMON   BANK0   BANK1   BANK3   BANK2
      Params:         0       3       0       0       0
      Locals:         0       7       0       0       0
      Temps:          0       6       0       0       0
      Totals:         0      16       0       0       0
Total ram usage:       16 bytes
 Hardware stack levels used:    1
 Hardware stack levels required when called:    2
 This function calls:
		___awdiv
		___awmod
		___bmul
		___ftmul
 This function is called by:
		_printf
 This function uses a non-reentrant model


 *************** function ___bmul *****************
 Defined at:
		line 4 in file "C:\Program Files (x86)\Microchip\xc8\v1.35\sources\common\Umul8.c"
 Parameters:    Size  Location     Type
  multiplier      1    wreg     unsigned char 
  multiplicand    1    4[BANK0 ] unsigned char 
 Auto vars:     Size  Location     Type
  multiplier      1    6[BANK0 ] unsigned char 
  product         1    5[BANK0 ] unsigned char 
 Return value:  Size  Location     Type
                  1    wreg      unsigned char 
 Registers used:
		wreg, status,2, status,0
 Tracked objects:
		On entry : 
		On exit  : 
		Unchanged: 
 Data sizes:     COMMON   BANK0   BANK1   BANK3   BANK2
      Params:         0       1       0       0       0
      Locals:         0       2       0       0       0
      Temps:          1       0       0       0       0
      Totals:         1       3       0       0       0
Total ram usage:        4 bytes
 Hardware stack levels used:    1
 This function calls:
		Nothing
 This function is called by:
		_fround
		_scale
 This function uses a non-reentrant model


 *************** function ___awmod *****************
 Defined at:
		line 6 in file "C:\Program Files (x86)\Microchip\xc8\v1.35\sources\common\awmod.c"
 Parameters:    Size  Location     Type
  divisor         2    0[COMMON] int 
  dividend        2    2[COMMON] int 
 Auto vars:     Size  Location     Type
  sign            1    6[COMMON] unsigned char 
  counter         1    5[COMMON] unsigned char 
 Return value:  Size  Location     Type
                  2    0[COMMON] int 
 Registers used:
		wreg, status,2, status,0
 Tracked objects:
		On entry : 
		On exit  : 
		Unchanged: 
 Data sizes:     COMMON   BANK0   BANK1   BANK3   BANK2
      Params:         4       0       0       0       0
      Locals:         2       0       0       0       0
      Temps:          1       0       0       0       0
      Totals:         7       0       0       0       0
Total ram usage:        7 bytes
 Hardware stack levels used:    1
 This function calls:
		Nothing
 This function is called by:
		_fround
		_scale
 This function uses a non-reentrant model


 *************** function ___awdiv *****************
 Defined at:
		line 6 in file "C:\Program Files (x86)\Microchip\xc8\v1.35\sources\common\awdiv.c"
 Parameters:    Size  Location     Type
  divisor         2    7[COMMON] int 
  dividend        2    9[COMMON] int 
 Auto vars:     Size  Location     Type
  quotient        2    2[BANK0 ] int 
  sign            1    1[BANK0 ] unsigned char 
  counter         1    0[BANK0 ] unsigned char 
 Return value:  Size  Location     Type
                  2    7[COMMON] int 
 Registers used:
		wreg, status,2, status,0
 Tracked objects:
		On entry : 
		On exit  : 
		Unchanged: 
 Data sizes:     COMMON   BANK0   BANK1   BANK3   BANK2
      Params:         4       0       0       0       0
      Locals:         0       4       0       0       0
      Temps:          1       0       0       0       0
      Totals:         5       4       0       0       0
Total ram usage:        9 bytes
 Hardware stack levels used:    1
 This function calls:
		Nothing
 This function is called by:
		_fround
		_scale
		_printf
 This function uses a non-reentrant model


 *************** function __tdiv_to_l_ *****************
 Defined at:
		line 60 in file "C:\Program Files (x86)\Microchip\xc8\v1.35\sources\common\ftdivl.c"
 Parameters:    Size  Location     Type
  f1              3    0[COMMON] float 
  f2              3    3[COMMON] float 
 Auto vars:     Size  Location     Type
  quot            4    0[BANK0 ] unsigned long 
  exp1            1    5[BANK0 ] unsigned char 
  cntr            1    4[BANK0 ] unsigned char 
 Return value:  Size  Location     Type
                  4    0[COMMON] unsigned long 
 Registers used:
		wreg, status,2, status,0
 Tracked objects:
		On entry : 
		On exit  : 
		Unchanged: 
 Data sizes:     COMMON   BANK0   BANK1   BANK3   BANK2
      Params:         6       0       0       0       0
      Locals:         0       6       0       0       0
      Temps:          4       0       0       0       0
      Totals:        10       6       0       0       0
Total ram usage:       16 bytes
 Hardware stack levels used:    1
 This function calls:
		Nothing
 This function is called by:
		_printf
 This function uses a non-reentrant model


 *************** function __div_to_l_ *****************
 Defined at:
		line 60 in file "C:\Program Files (x86)\Microchip\xc8\v1.35\sources\common\fldivl.c"
 Parameters:    Size  Location     Type
  f1              3    0[COMMON] unsigned long 
  f2              3    3[COMMON] unsigned long 
 Auto vars:     Size  Location     Type
  quot            4    0[BANK0 ] unsigned long 
  exp1            1    5[BANK0 ] unsigned char 
  cntr            1    4[BANK0 ] unsigned char 
 Return value:  Size  Location     Type
                  4    0[COMMON] unsigned long 
 Registers used:
		wreg, fsr0l, fsr0h, status,2, status,0
 Tracked objects:
		On entry : 
		On exit  : 
		Unchanged: 
 Data sizes:     COMMON   BANK0   BANK1   BANK3   BANK2
      Params:         6       0       0       0       0
      Locals:         0       6       0       0       0
      Temps:          8       0       0       0       0
      Totals:        14       6       0       0       0
Total ram usage:       20 bytes
 Hardware stack levels used:    1
 This function calls:
		Nothing
 This function is called by:
		_printf
 This function uses a non-reentrant model


 *************** function ___wmul *****************
 Defined at:
		line 15 in file "C:\Program Files (x86)\Microchip\xc8\v1.35\sources\common\Umul16.c"
 Parameters:    Size  Location     Type
  multiplier      2    0[COMMON] unsigned int 
  multiplicand    2    2[COMMON] unsigned int 
 Auto vars:     Size  Location     Type
  product         2    4[COMMON] unsigned int 
 Return value:  Size  Location     Type
                  2    0[COMMON] unsigned int 
 Registers used:
		wreg, status,2, status,0
 Tracked objects:
		On entry : 
		On exit  : 
		Unchanged: 
 Data sizes:     COMMON   BANK0   BANK1   BANK3   BANK2
      Params:         4       0       0       0       0
      Locals:         2       0       0       0       0
      Temps:          0       0       0       0       0
      Totals:         6       0       0       0       0
Total ram usage:        6 bytes
 Hardware stack levels used:    1
 This function calls:
		Nothing
 This function is called by:
		_printf
 This function uses a non-reentrant model


 *************** function ___lltoft *****************
 Defined at:
		line 35 in file "C:\Program Files (x86)\Microchip\xc8\v1.35\sources\common\lltoft.c"
 Parameters:    Size  Location     Type
  c               4    8[COMMON] unsigned long 
 Auto vars:     Size  Location     Type
  exp             1   13[COMMON] unsigned char 
 Return value:  Size  Location     Type
                  3    8[COMMON] float 
 Registers used:
		wreg, status,2, status,0, pclath, cstack
 Tracked objects:
		On entry : 
		On exit  : 
		Unchanged: 
 Data sizes:     COMMON   BANK0   BANK1   BANK3   BANK2
      Params:         4       0       0       0       0
      Locals:         1       0       0       0       0
      Temps:          1       0       0       0       0
      Totals:         6       0       0       0       0
Total ram usage:        6 bytes
 Hardware stack levels used:    1
 Hardware stack levels required when called:    1
 This function calls:
		___ftpack
 This function is called by:
		_printf
 This function uses a non-reentrant model


 *************** function ___llmod *****************
 Defined at:
		line 6 in file "C:\Program Files (x86)\Microchip\xc8\v1.35\sources\common\llmod.c"
 Parameters:    Size  Location     Type
  divisor         4    0[COMMON] unsigned long 
  dividend        4    4[COMMON] unsigned long 
 Auto vars:     Size  Location     Type
  counter         1    9[COMMON] unsigned char 
 Return value:  Size  Location     Type
                  4    0[COMMON] unsigned long 
 Registers used:
		wreg, status,2, status,0
 Tracked objects:
		On entry : 
		On exit  : 
		Unchanged: 
 Data sizes:     COMMON   BANK0   BANK1   BANK3   BANK2
      Params:         8       0       0       0       0
      Locals:         1       0       0       0       0
      Temps:          1       0       0       0       0
      Totals:        10       0       0       0       0
Total ram usage:       10 bytes
 Hardware stack levels used:    1
 This function calls:
		Nothing
 This function is called by:
		_printf
 This function uses a non-reentrant model


 *************** function ___lldiv *****************
 Defined at:
		line 6 in file "C:\Program Files (x86)\Microchip\xc8\v1.35\sources\common\lldiv.c"
 Parameters:    Size  Location     Type
  divisor         4    0[COMMON] unsigned long 
  dividend        4    4[COMMON] unsigned long 
 Auto vars:     Size  Location     Type
  quotient        4    9[COMMON] unsigned long 
  counter         1   13[COMMON] unsigned char 
 Return value:  Size  Location     Type
                  4    0[COMMON] unsigned long 
 Registers used:
		wreg, status,2, status,0
 Tracked objects:
		On entry : 
		On exit  : 
		Unchanged: 
 Data sizes:     COMMON   BANK0   BANK1   BANK3   BANK2
      Params:         8       0       0       0       0
      Locals:         5       0       0       0       0
      Temps:          1       0       0       0       0
      Totals:        14       0       0       0       0
Total ram usage:       14 bytes
 Hardware stack levels used:    1
 This function calls:
		Nothing
 This function is called by:
		_printf
 This function uses a non-reentrant model


 *************** function ___fttol *****************
 Defined at:
		line 44 in file "C:\Program Files (x86)\Microchip\xc8\v1.35\sources\common\fttol.c"
 Parameters:    Size  Location     Type
  f1              3   41[BANK0 ] float 
 Auto vars:     Size  Location     Type
  lval            4   50[BANK0 ] unsigned long 
  exp1            1   54[BANK0 ] unsigned char 
  sign1           1   49[BANK0 ] unsigned char 
 Return value:  Size  Location     Type
                  4   41[BANK0 ] long 
 Registers used:
		wreg, status,2, status,0
 Tracked objects:
		On entry : 
		On exit  : 
		Unchanged: 
 Data sizes:     COMMON   BANK0   BANK1   BANK3   BANK2
      Params:         0       4       0       0       0
      Locals:         0       6       0       0       0
      Temps:          0       4       0       0       0
      Totals:         0      14       0       0       0
Total ram usage:       14 bytes
 Hardware stack levels used:    1
 This function calls:
		Nothing
 This function is called by:
		_printf
 This function uses a non-reentrant model


 *************** function ___ftsub *****************
 Defined at:
		line 18 in file "C:\Program Files (x86)\Microchip\xc8\v1.35\sources\common\ftsub.c"
 Parameters:    Size  Location     Type
  f2              3   68[BANK0 ] float 
  f1              3   71[BANK0 ] float 
 Auto vars:     Size  Location     Type
		None
 Return value:  Size  Location     Type
                  3   68[BANK0 ] float 
 Registers used:
		wreg, status,2, status,0, pclath, cstack
 Tracked objects:
		On entry : 
		On exit  : 
		Unchanged: 
 Data sizes:     COMMON   BANK0   BANK1   BANK3   BANK2
      Params:         0       6       0       0       0
      Locals:         0       0       0       0       0
      Temps:          0       0       0       0       0
      Totals:         0       6       0       0       0
Total ram usage:        6 bytes
 Hardware stack levels used:    1
 Hardware stack levels required when called:    2
 This function calls:
		___ftadd
 This function is called by:
		_printf
 This function uses a non-reentrant model


 *************** function ___ftge *****************
 Defined at:
		line 4 in file "C:\Program Files (x86)\Microchip\xc8\v1.35\sources\common\ftge.c"
 Parameters:    Size  Location     Type
  ff1             3    0[COMMON] float 
  ff2             3    3[COMMON] float 
 Auto vars:     Size  Location     Type
		None
 Return value:  Size  Location     Type
		None               void
 Registers used:
		wreg, status,2, status,0
 Tracked objects:
		On entry : 
		On exit  : 
		Unchanged: 
 Data sizes:     COMMON   BANK0   BANK1   BANK3   BANK2
      Params:         6       0       0       0       0
      Locals:         0       0       0       0       0
      Temps:          6       0       0       0       0
      Totals:        12       0       0       0       0
Total ram usage:       12 bytes
 Hardware stack levels used:    1
 This function calls:
		Nothing
 This function is called by:
		_printf
 This function uses a non-reentrant model


 *************** function _get_temp *****************
 Defined at:
		line 58 in file "plati_temp.c"
 Parameters:    Size  Location     Type
		None
 Auto vars:     Size  Location     Type
  t               3   39[BANK1 ] float 
  T               3   36[BANK1 ] float 
  i               2   42[BANK1 ] int 
 Return value:  Size  Location     Type
                  3   71[BANK0 ] int 
 Registers used:
		wreg, fsr0l, fsr0h, status,2, status,0, btemp+1, pclath, cstack
 Tracked objects:
		On entry : 
		On exit  : 
		Unchanged: 
 Data sizes:     COMMON   BANK0   BANK1   BANK3   BANK2
      Params:         0       3       0       0       0
      Locals:         0       0      11       0       0
      Temps:          0       0       0       0       0
      Totals:         0       3      11       0       0
Total ram usage:       14 bytes
 Hardware stack levels used:    1
 Hardware stack levels required when called:    4
 This function calls:
		___ftadd
		___ftdiv
		_get_pt
 This function is called by:
		_main
 This function uses a non-reentrant model


 *************** function _get_pt *****************
 Defined at:
		line 32 in file "plati_temp.c"
 Parameters:    Size  Location     Type
		None
 Auto vars:     Size  Location     Type
  a               3   30[BANK1 ] int 
  T1              3   27[BANK1 ] int 
  R1              3   21[BANK1 ] int 
  b               3    6[BANK1 ] int 
  T2              3    3[BANK1 ] int 
  R2              3    0[BANK1 ] int 
 Return value:  Size  Location     Type
                  3   68[BANK0 ] int 
 Registers used:
		wreg, fsr0l, fsr0h, status,2, status,0, btemp+1, pclath, cstack
 Tracked objects:
		On entry : 
		On exit  : 
		Unchanged: 
 Data sizes:     COMMON   BANK0   BANK1   BANK3   BANK2
      Params:         0       3       0       0       0
      Locals:         0       0      33       0       0
      Temps:          0       0       0       0       0
      Totals:         0       3      33       0       0
Total ram usage:       36 bytes
 Hardware stack levels used:    1
 Hardware stack levels required when called:    3
 This function calls:
		___ftadd
		___ftdiv
		___ftmul
		___ftneg
		_get_adcon
 This function is called by:
		_get_temp
 This function uses a non-reentrant model


 *************** function _get_adcon *****************
 Defined at:
		line 98 in file "AD_value.c"
 Parameters:    Size  Location     Type
		None
 Auto vars:     Size  Location     Type
  my_adres_l      4   43[BANK0 ] long 
  my_adres_h      4   39[BANK0 ] long 
  voltage_valu    3   47[BANK0 ] long 
  ad_value        2   50[BANK0 ] int 
 Return value:  Size  Location     Type
                  3   32[BANK0 ] int 
 Registers used:
		wreg, fsr0l, fsr0h, status,2, status,0, btemp+1, pclath, cstack
 Tracked objects:
		On entry : 
		On exit  : 
		Unchanged: 
 Data sizes:     COMMON   BANK0   BANK1   BANK3   BANK2
      Params:         0       3       0       0       0
      Locals:         0      13       0       0       0
      Temps:          0       4       0       0       0
      Totals:         0      20       0       0       0
Total ram usage:       20 bytes
 Hardware stack levels used:    1
 Hardware stack levels required when called:    2
 This function calls:
		___awtoft
		___ftdiv
		___ftmul
		___lwtoft
		_bit_shift
 This function is called by:
		_get_pt
 This function uses a non-reentrant model


 *************** function _bit_shift *****************
 Defined at:
		line 52 in file "AD_value.c"
 Parameters:    Size  Location     Type
  my_adres_h      1    wreg     unsigned char 
  my_adres_l      1    0[COMMON] unsigned char 
 Auto vars:     Size  Location     Type
  my_adres_h      1    4[COMMON] unsigned char 
  j               2   10[COMMON] int 
  i               2    7[COMMON] int 
  ad_value        2    5[COMMON] int 
  buf             1   12[COMMON] unsigned char 
  bit_mask        1    9[COMMON] unsigned char 
 Return value:  Size  Location     Type
                  2    0[COMMON] int 
 Registers used:
		wreg, status,2, status,0, btemp+1
 Tracked objects:
		On entry : 
		On exit  : 
		Unchanged: 
 Data sizes:     COMMON   BANK0   BANK1   BANK3   BANK2
      Params:         2       0       0       0       0
      Locals:         9       0       0       0       0
      Temps:          2       0       0       0       0
      Totals:        13       0       0       0       0
Total ram usage:       13 bytes
 Hardware stack levels used:    1
 This function calls:
		Nothing
 This function is called by:
		_get_adcon
 This function uses a non-reentrant model


 *************** function ___lwtoft *****************
 Defined at:
		line 28 in file "C:\Program Files (x86)\Microchip\xc8\v1.35\sources\common\lwtoft.c"
 Parameters:    Size  Location     Type
  c               2    8[COMMON] unsigned int 
 Auto vars:     Size  Location     Type
		None
 Return value:  Size  Location     Type
                  3    8[COMMON] float 
 Registers used:
		wreg, status,2, status,0, pclath, cstack
 Tracked objects:
		On entry : 
		On exit  : 
		Unchanged: 
 Data sizes:     COMMON   BANK0   BANK1   BANK3   BANK2
      Params:         3       0       0       0       0
      Locals:         0       0       0       0       0
      Temps:          1       0       0       0       0
      Totals:         4       0       0       0       0
Total ram usage:        4 bytes
 Hardware stack levels used:    1
 Hardware stack levels required when called:    1
 This function calls:
		___ftpack
 This function is called by:
		_get_adcon
 This function uses a non-reentrant model


 *************** function ___ftmul *****************
 Defined at:
		line 62 in file "C:\Program Files (x86)\Microchip\xc8\v1.35\sources\common\ftmul.c"
 Parameters:    Size  Location     Type
  f1              3   16[BANK0 ] float 
  f2              3   19[BANK0 ] float 
 Auto vars:     Size  Location     Type
  f3_as_produc    3   27[BANK0 ] unsigned um
  sign            1   31[BANK0 ] unsigned char 
  cntr            1   30[BANK0 ] unsigned char 
  exp             1   26[BANK0 ] unsigned char 
 Return value:  Size  Location     Type
                  3   16[BANK0 ] float 
 Registers used:
		wreg, status,2, status,0, pclath, cstack
 Tracked objects:
		On entry : 
		On exit  : 
		Unchanged: 
 Data sizes:     COMMON   BANK0   BANK1   BANK3   BANK2
      Params:         0       6       0       0       0
      Locals:         0       6       0       0       0
      Temps:          0       4       0       0       0
      Totals:         0      16       0       0       0
Total ram usage:       16 bytes
 Hardware stack levels used:    1
 Hardware stack levels required when called:    1
 This function calls:
		___ftpack
 This function is called by:
		_get_adcon
		_get_pt
		_fround
		_scale
		_printf
 This function uses a non-reentrant model


 *************** function ___ftdiv *****************
 Defined at:
		line 56 in file "C:\Program Files (x86)\Microchip\xc8\v1.35\sources\common\ftdiv.c"
 Parameters:    Size  Location     Type
  f2              3    0[BANK0 ] float 
  f1              3    3[BANK0 ] float 
 Auto vars:     Size  Location     Type
  f3              3   11[BANK0 ] float 
  sign            1   15[BANK0 ] unsigned char 
  exp             1   14[BANK0 ] unsigned char 
  cntr            1   10[BANK0 ] unsigned char 
 Return value:  Size  Location     Type
                  3    0[BANK0 ] float 
 Registers used:
		wreg, status,2, status,0, pclath, cstack
 Tracked objects:
		On entry : 
		On exit  : 
		Unchanged: 
 Data sizes:     COMMON   BANK0   BANK1   BANK3   BANK2
      Params:         0       6       0       0       0
      Locals:         0       6       0       0       0
      Temps:          0       4       0       0       0
      Totals:         0      16       0       0       0
Total ram usage:       16 bytes
 Hardware stack levels used:    1
 Hardware stack levels required when called:    1
 This function calls:
		___ftpack
 This function is called by:
		_get_adcon
		_get_pt
		_get_temp
 This function uses a non-reentrant model


 *************** function ___awtoft *****************
 Defined at:
		line 32 in file "C:\Program Files (x86)\Microchip\xc8\v1.35\sources\common\awtoft.c"
 Parameters:    Size  Location     Type
  c               2    8[COMMON] int 
 Auto vars:     Size  Location     Type
  sign            1   13[COMMON] unsigned char 
 Return value:  Size  Location     Type
                  3    8[COMMON] float 
 Registers used:
		wreg, status,2, status,0, pclath, cstack
 Tracked objects:
		On entry : 
		On exit  : 
		Unchanged: 
 Data sizes:     COMMON   BANK0   BANK1   BANK3   BANK2
      Params:         3       0       0       0       0
      Locals:         1       0       0       0       0
      Temps:          2       0       0       0       0
      Totals:         6       0       0       0       0
Total ram usage:        6 bytes
 Hardware stack levels used:    1
 Hardware stack levels required when called:    1
 This function calls:
		___ftpack
 This function is called by:
		_get_adcon
 This function uses a non-reentrant model


 *************** function ___ftneg *****************
 Defined at:
		line 15 in file "C:\Program Files (x86)\Microchip\xc8\v1.35\sources\common\ftneg.c"
 Parameters:    Size  Location     Type
  f1              3   52[BANK0 ] float 
 Auto vars:     Size  Location     Type
		None
 Return value:  Size  Location     Type
                  3   52[BANK0 ] float 
 Registers used:
		wreg
 Tracked objects:
		On entry : 
		On exit  : 
		Unchanged: 
 Data sizes:     COMMON   BANK0   BANK1   BANK3   BANK2
      Params:         0       3       0       0       0
      Locals:         0       0       0       0       0
      Temps:          0       0       0       0       0
      Totals:         0       3       0       0       0
Total ram usage:        3 bytes
 Hardware stack levels used:    1
 This function calls:
		Nothing
 This function is called by:
		_get_pt
		_printf
 This function uses a non-reentrant model


 *************** function ___ftadd *****************
 Defined at:
		line 86 in file "C:\Program Files (x86)\Microchip\xc8\v1.35\sources\common\ftadd.c"
 Parameters:    Size  Location     Type
  f1              3   55[BANK0 ] float 
  f2              3   58[BANK0 ] float 
 Auto vars:     Size  Location     Type
  exp1            1   67[BANK0 ] unsigned char 
  exp2            1   66[BANK0 ] unsigned char 
  sign            1   65[BANK0 ] unsigned char 
 Return value:  Size  Location     Type
                  3   55[BANK0 ] float 
 Registers used:
		wreg, status,2, status,0, pclath, cstack
 Tracked objects:
		On entry : 
		On exit  : 
		Unchanged: 
 Data sizes:     COMMON   BANK0   BANK1   BANK3   BANK2
      Params:         0       6       0       0       0
      Locals:         0       3       0       0       0
      Temps:          0       4       0       0       0
      Totals:         0      13       0       0       0
Total ram usage:       13 bytes
 Hardware stack levels used:    1
 Hardware stack levels required when called:    1
 This function calls:
		___ftpack
 This function is called by:
		_get_pt
		_get_temp
		_printf
		___ftsub
 This function uses a non-reentrant model


 *************** function ___ftpack *****************
 Defined at:
		line 62 in file "C:\Program Files (x86)\Microchip\xc8\v1.35\sources\common\float.c"
 Parameters:    Size  Location     Type
  arg             3    0[COMMON] unsigned um
  exp             1    3[COMMON] unsigned char 
  sign            1    4[COMMON] unsigned char 
 Auto vars:     Size  Location     Type
		None
 Return value:  Size  Location     Type
                  3    0[COMMON] float 
 Registers used:
		wreg, status,2, status,0
 Tracked objects:
		On entry : 
		On exit  : 
		Unchanged: 
 Data sizes:     COMMON   BANK0   BANK1   BANK3   BANK2
      Params:         5       0       0       0       0
      Locals:         0       0       0       0       0
      Temps:          3       0       0       0       0
      Totals:         8       0       0       0       0
Total ram usage:        8 bytes
 Hardware stack levels used:    1
 This function calls:
		Nothing
 This function is called by:
		___awtoft
		___ftadd
		___ftdiv
		___ftmul
		___lltoft
		___lwtoft
 This function uses a non-reentrant model


 *************** function _ad_con_init *****************
 Defined at:
		line 31 in file "AD_value.c"
 Parameters:    Size  Location     Type
		None
 Auto vars:     Size  Location     Type
		None
 Return value:  Size  Location     Type
		None               void
 Registers used:
		wreg
 Tracked objects:
		On entry : 
		On exit  : 
		Unchanged: 
 Data sizes:     COMMON   BANK0   BANK1   BANK3   BANK2
      Params:         0       0       0       0       0
      Locals:         0       0       0       0       0
      Temps:          0       0       0       0       0
      Totals:         0       0       0       0       0
Total ram usage:        0 bytes
 Hardware stack levels used:    1
 This function calls:
		Nothing
 This function is called by:
		_main
 This function uses a non-reentrant model



MODULE INFORMATION

Module		Function		Class		Link	Load	Size
C:\Program Files (x86)\Microchip\xc8\v1.35\sources\common\awdiv.c
		___awdiv       		CODE           	129F	0000	92

C:\Program Files (x86)\Microchip\xc8\v1.35\sources\common\awdiv.c estimated size: 92

C:\Program Files (x86)\Microchip\xc8\v1.35\sources\common\ftadd.c
		___ftadd       		CODE           	0853	0000	266

C:\Program Files (x86)\Microchip\xc8\v1.35\sources\common\ftadd.c estimated size: 266

C:\Program Files (x86)\Microchip\xc8\v1.35\sources\common\isdigit.c
		_isdigit       		CODE           	1161	0000	15

C:\Program Files (x86)\Microchip\xc8\v1.35\sources\common\isdigit.c estimated size: 15

C:\Program Files (x86)\Microchip\xc8\v1.35\sources\common\ftge.c
		___ftge        		CODE           	12FA	0000	94

C:\Program Files (x86)\Microchip\xc8\v1.35\sources\common\ftge.c estimated size: 94

C:\Program Files (x86)\Microchip\xc8\v1.35\sources\common\lwtoft.c
		___lwtoft      		CODE           	1182	0000	21

C:\Program Files (x86)\Microchip\xc8\v1.35\sources\common\lwtoft.c estimated size: 21

C:\Program Files (x86)\Microchip\xc8\v1.35\sources\common\ftneg.c
		___ftneg       		CODE           	1140	0000	11

C:\Program Files (x86)\Microchip\xc8\v1.35\sources\common\ftneg.c estimated size: 11

C:\Program Files (x86)\Microchip\xc8\v1.35\sources\common\awtoft.c
		___awtoft      		CODE           	1196	0000	34

C:\Program Files (x86)\Microchip\xc8\v1.35\sources\common\awtoft.c estimated size: 34

C:\Program Files (x86)\Microchip\xc8\v1.35\sources\common\ftsub.c
		___ftsub       		CODE           	11B7	0000	34

C:\Program Files (x86)\Microchip\xc8\v1.35\sources\common\ftsub.c estimated size: 34

C:\Program Files (x86)\Microchip\xc8\v1.35\sources\common\float.c
		___ftpack      		CODE           	13B5	0000	109

C:\Program Files (x86)\Microchip\xc8\v1.35\sources\common\float.c estimated size: 109

newmain.c
		_main          		CODE           	1224	0000	49

newmain.c estimated size: 49

AD_value.c
		_ad_con_init   		CODE           	114A	0000	12
		_bit_shift     		CODE           	1421	0000	131
		_get_adcon     		CODE           	14A3	0000	137

AD_value.c estimated size: 280

C:\Program Files (x86)\Microchip\xc8\v1.35\sources\common\doprnt.c
		_scale         		CODE           	0A8E	0000	668
		_printf        		CODE           	0264	0000	1433
		_fround        		CODE           	00CA	0000	411

C:\Program Files (x86)\Microchip\xc8\v1.35\sources\common\doprnt.c estimated size: 2512

C:\Program Files (x86)\Microchip\xc8\v1.35\sources\common\llmod.c
		___llmod       		CODE           	0807	0000	77

C:\Program Files (x86)\Microchip\xc8\v1.35\sources\common\llmod.c estimated size: 77

C:\Program Files (x86)\Microchip\xc8\v1.35\sources\common\lltoft.c
		___lltoft      		CODE           	11F9	0000	44

C:\Program Files (x86)\Microchip\xc8\v1.35\sources\common\lltoft.c estimated size: 44

shared
		get_adcon@range		STRING         	107C	0000	3
		__stringtab    		STRING         	1000	0000	7
		__powers_      		STRING         	1055	0000	40
		_dpowers       		STRING         	1006	0000	41
		__npowers_     		STRING         	102E	0000	40
		__initialization		CODE           	07FC	0000	1

shared estimated size: 132

C:\Program Files (x86)\Microchip\xc8\v1.35\sources\common\ftmul.c
		___ftmul       		CODE           	172D	0000	212

C:\Program Files (x86)\Microchip\xc8\v1.35\sources\common\ftmul.c estimated size: 212

C:\Program Files (x86)\Microchip\xc8\v1.35\sources\common\awmod.c
		___awmod       		CODE           	1254	0000	76

C:\Program Files (x86)\Microchip\xc8\v1.35\sources\common\awmod.c estimated size: 76

uart_serial.c
		_putch         		CODE           	1138	0000	9
		_uart_init     		CODE           	1155	0000	13

uart_serial.c estimated size: 22

C:\Program Files (x86)\Microchip\xc8\v1.35\sources\common\ftdiv.c
		___ftdiv       		CODE           	15B9	0000	185

C:\Program Files (x86)\Microchip\xc8\v1.35\sources\common\ftdiv.c estimated size: 185

C:\Program Files (x86)\Microchip\xc8\v1.35\sources\common\ftdivl.c
		__tdiv_to_l_   		CODE           	0007	0000	196

C:\Program Files (x86)\Microchip\xc8\v1.35\sources\common\ftdivl.c estimated size: 196

plati_temp.c
		_get_temp      		CODE           	1671	0000	189
		_get_pt        		CODE           	0D29	0000	728

plati_temp.c estimated size: 917

C:\Program Files (x86)\Microchip\xc8\v1.35\sources\common\Umul16.c
		___wmul        		CODE           	11D8	0000	34

C:\Program Files (x86)\Microchip\xc8\v1.35\sources\common\Umul16.c estimated size: 34

C:\Program Files (x86)\Microchip\xc8\v1.35\sources\common\lldiv.c
		___lldiv       		CODE           	1357	0000	95

C:\Program Files (x86)\Microchip\xc8\v1.35\sources\common\lldiv.c estimated size: 95

C:\Program Files (x86)\Microchip\xc8\v1.35\sources\common\Umul8.c
		___bmul        		CODE           	116F	0000	20

C:\Program Files (x86)\Microchip\xc8\v1.35\sources\common\Umul8.c estimated size: 20

C:\Program Files (x86)\Microchip\xc8\v1.35\sources\common\fldivl.c
		__div_to_l_    		CODE           	095C	0000	307

C:\Program Files (x86)\Microchip\xc8\v1.35\sources\common\fldivl.c estimated size: 307

C:\Program Files (x86)\Microchip\xc8\v1.35\sources\common\fttol.c
		___fttol       		CODE           	152B	0000	143

C:\Program Files (x86)\Microchip\xc8\v1.35\sources\common\fttol.c estimated size: 143

